// Jest Snapshot v1, https://goo.gl/fbAQLP

exports[`Register component renders correctly 1`] = `
<main
  className="register-body"
>
  <nav
    className="navbar"
  />
  <section
    className="form-container"
  >
    <div
      className="registration-form"
    >
      <form
        onSubmit={[Function]}
      >
        <h1
          className="sign-up-header"
        >
          Sign Up
        </h1>
        <label
          className="reg-label"
          name="register-email"
        >
          Email*
        </label>
        <input
          className="reg-input"
          name="email"
          onBlur={[Function]}
          onChange={[Function]}
          onFocus={[Function]}
          placeholder="Email..."
          type="email"
          value=""
        />
        <label
          className="reg-label"
          name="register-name"
        >
          Name*
        </label>
        <input
          className="reg-input"
          name="name"
          onBlur={[Function]}
          onChange={[Function]}
          onFocus={[Function]}
          placeholder="Name..."
          type="text"
          value=""
        />
        <label
          className="reg-label"
          name="register-username"
        >
          Username*
        </label>
        <input
          className="reg-input"
          name="username"
          onBlur={[Function]}
          onChange={[Function]}
          onFocus={[Function]}
          placeholder="Username..."
          type="text"
          value=""
        />
        <label
          className="reg-label"
          name="register-password"
        >
          Password*
        </label>
        <input
          className="reg-input"
          name="password"
          onBlur={[Function]}
          onChange={[Function]}
          onFocus={[Function]}
          placeholder="Password..."
          type="password"
          value=""
        />
        <label
          className="reg-label"
          name="confirm-password"
        >
          Confirm password*
        </label>
        <input
          className="reg-input"
          name="confirmPassword"
          onBlur={[Function]}
          onChange={[Function]}
          onFocus={[Function]}
          placeholder="Confirm password..."
          type="password"
          value=""
        />
        <br />
        <div
          className="form-links-container"
        >
          <p
            className="reg-link"
          >
            Already registered? Click
             
            <a
              href="/login"
              onClick={[Function]}
            >
              <span
                className="login-link"
              >
                here
              </span>
            </a>
          </p>
        </div>
        <div
          className="register-btn-container"
        >
          <input
            className="grn-btn"
            type="submit"
            value="Submit"
          />
        </div>
      </form>
    </div>
  </section>
</main>
`;
