// Jest Snapshot v1, https://goo.gl/fbAQLP

exports[`ReadOnly renders correctly 1`] = `
Array [
  <nav
    className="navbar"
  />,
  <main
    className="read-only-main"
  >
    <div
      className="read-only-wrapper"
    >
      <iframe
        className="read-only"
        frameBorder="0"
        id="text-editor"
        name="text-editor"
        title="Rich editor"
      />
    </div>
  </main>,
]
`;
