// Jest Snapshot v1, https://goo.gl/fbAQLP

exports[`404 component renders correctly 1`] = `
<section
  className="four0four-body"
>
  <div
    className="four0four-container"
  >
    <h1
      className="four0four-header"
    >
      Ooops, 404...
    </h1>
    <p
      className="four0four-text"
    >
      It looks like the page you were looking for isn't here :(
    </p>
    <a
      href="/"
      onClick={[Function]}
    >
      <button
        className="small-btn"
        type="button"
      >
        <span
          className="btn-text"
        >
          <b>
            Home Page
          </b>
        </span>
      </button>
    </a>
  </div>
</section>
`;
