// Jest Snapshot v1, https://goo.gl/fbAQLP

exports[`Projects component renders correctly 1`] = `
<main>
  <nav
    className="navbar"
  />
  <header
    className="banner-container"
  >
    <div
      className="banner-heading-container"
      id="projects-banner"
    >
      <h1
        className="banner-heading"
      >
        Active Projects
      </h1>
    </div>
    <div
      className="search-bar-container"
    >
      <div
        className="search-bar"
      >
        <form
          className="search-form"
          onSubmit={[Function]}
        >
          <input
            className="search-input"
            name="search-input"
            onBlur={[Function]}
            onChange={[Function]}
            onFocus={[Function]}
            placeholder="Search for projects..."
            type="text"
          />
          <input
            className="square-btn"
            type="submit"
            value="Search"
          />
          <select
            className="sort-by-selector"
          >
            <option
              name="author"
              value="author"
            >
              Author
            </option>
            <option
              name="title"
              value="title"
            >
              Title
            </option>
            <option
              name="genre"
              value="genre"
            >
              Genre
            </option>
          </select>
        </form>
      </div>
    </div>
  </header>
  <div
    className="project-publication-spinner"
  >
    <img
      alt="loading"
      className="project-publication-spinner"
      src={
        Object {
          "ReactComponent": Object {
            "$$typeof": Symbol(react.forward_ref),
            "render": [Function],
          },
          "__esModule": true,
          "default": "loading-black.svg",
        }
      }
    />
  </div>
  <footer
    className="footer"
  >
    <h2
      className="footer-h2"
    >
      CoScript
    </h2>
    <div
      className="footer-container"
    >
      <div
        className="links-container socials"
      >
        <p>
          Socials
        </p>
        <div
          className="footer-links"
        >
          <a
            href="https://github.com/AndrewMacmillan87/coscript"
          >
            GitHub
          </a>
          <a
            href="/"
          >
            Twitter
          </a>
          <a
            href="/"
          >
            Facebook
          </a>
        </div>
      </div>
      <div
        className="links-container site-map"
      >
        <p>
          Site Map
        </p>
      </div>
      <div
        className="links-container legals"
      >
        <p>
          Legal
        </p>
        <div
          className="footer-links"
        >
          <a
            href="/terms"
          >
            Terms and Conditions
          </a>
          <a
            href="/copyright"
          >
            Copyright Info
          </a>
          <a
            href="/agreement"
          >
            Writers Agreements
          </a>
          <a
            href="/"
          >
            Accreditation
          </a>
        </div>
      </div>
    </div>
  </footer>
</main>
`;
