// Jest Snapshot v1, https://goo.gl/fbAQLP

exports[`PublicProfile component renders correctly 1`] = `
Array [
  <nav
    className="navbar"
  />,
  <main
    className="public-profile-main"
  >
    <div
      className="public-profile-loading-spinner-container"
    >
      <img
        alt="loading"
        className="public-profile-loading-spinner"
        src={
          Object {
            "ReactComponent": Object {
              "$$typeof": Symbol(react.forward_ref),
              "render": [Function],
            },
            "__esModule": true,
            "default": "loading-black.svg",
          }
        }
      />
    </div>
  </main>,
  <footer
    className="footer"
  >
    <h2
      className="footer-h2"
    >
      CoScript
    </h2>
    <div
      className="footer-container"
    >
      <div
        className="links-container socials"
      >
        <p>
          Socials
        </p>
        <div
          className="footer-links"
        >
          <a
            href="https://github.com/AndrewMacmillan87/coscript"
          >
            GitHub
          </a>
          <a
            href="/"
          >
            Twitter
          </a>
          <a
            href="/"
          >
            Facebook
          </a>
        </div>
      </div>
      <div
        className="links-container site-map"
      >
        <p>
          Site Map
        </p>
      </div>
      <div
        className="links-container legals"
      >
        <p>
          Legal
        </p>
        <div
          className="footer-links"
        >
          <a
            href="/terms"
          >
            Terms and Conditions
          </a>
          <a
            href="/copyright"
          >
            Copyright Info
          </a>
          <a
            href="/agreement"
          >
            Writers Agreements
          </a>
          <a
            href="/"
          >
            Accreditation
          </a>
        </div>
      </div>
    </div>
  </footer>,
]
`;
