// Jest Snapshot v1, https://goo.gl/fbAQLP

exports[`Account component renders correctly 1`] = `
<main
  className="profile-container"
>
  <nav
    className="profile-mobile-nav"
  >
    <a
      href="/"
      onClick={[Function]}
    >
      <i
        className="home-icon fas fa-home fa-3x"
      />
    </a>
    <button
      className="profile-dropdown-icon-link"
      onClick={[Function]}
    >
      <img
        alt="Burger menu icon"
        className="profile-dropdown-icon"
        src={
          Object {
            "ReactComponent": Object {
              "$$typeof": Symbol(react.forward_ref),
              "render": [Function],
            },
            "__esModule": true,
            "default": "menu.svg",
          }
        }
      />
    </button>
    <div
      className="dropdown-menu dropdown-content"
      id="dropdown-nav"
    >
      <a
        href="/profile"
        onClick={[Function]}
      >
        <p
          className="dropdown-link"
        >
          My Profile
        </p>
      </a>
      <a
        href="/messages"
        onClick={[Function]}
      >
        <p
          className="dropdown-link"
        >
          Messages
        </p>
      </a>
      <a
        href="/projects"
        onClick={[Function]}
      >
        <p
          className="dropdown-link"
        >
          Active Projects
        </p>
      </a>
      <a
        href="/publications"
        onClick={[Function]}
      >
        <p
          className="dropdown-link"
        >
          Publications
        </p>
      </a>
      <a
        href=" "
        onClick={[Function]}
      >
        <p
          className="dropdown-link"
        >
          Logout
        </p>
      </a>
    </div>
  </nav>
  <div
    className="user-info-container"
  >
    <section
      className="account"
    >
      <h2
        className="profile-heading"
        id="account-h2"
      >
        My Account
      </h2>
      <section
        className="profile-form-container"
      >
        <div
          className="profile-box"
        >
          <label
            className="profile-label"
            htmlFor="user-email"
          >
            Email Address:
          </label>
          <div
            className="input-container"
          >
            <div
              className="account-box"
            >
              <p
                className="users-email"
              >
                test@email.com
              </p>
            </div>
            <button
              className="edit-icon-btn"
              onClick={[Function]}
            >
              <img
                alt="edit input icon"
                className="edit-input-icon"
                id="edit-email-btn"
                src={
                  Object {
                    "ReactComponent": Object {
                      "$$typeof": Symbol(react.forward_ref),
                      "render": [Function],
                    },
                    "__esModule": true,
                    "default": "edit.svg",
                  }
                }
              />
            </button>
          </div>
        </div>
      </section>
    </section>
    <section
      className="password"
    >
      <h2
        className="profile-heading"
        id="password-h2"
      >
        Password Settings
      </h2>
      <section
        className="profile-form-container"
      >
        <div
          className="pw-button-container"
        >
          <button
            className="small-btn"
            onClick={[Function]}
            type="button"
          >
            <span
              className="btn-text"
            >
              <b>
                Change Password
              </b>
            </span>
          </button>
        </div>
      </section>
    </section>
    <section
      className="privacy"
    >
      <h2
        className="profile-heading"
        id="privacy-h2"
      >
        Privacy
      </h2>
      <section
        className="profile-form-container"
      >
        <div
          className="profile-box"
        >
          <p
            className="profile-label"
          >
            Profile visibility:
          </p>
          <div
            className="profile-visibility"
          >
            <input
              defaultChecked={true}
              id="profile-public"
              name="profile-public"
              type="checkbox"
            />
            <label
              htmlFor="profile-public"
            >
              Public
            </label>
            <br />
            <input
              id="profile-private"
              name="profile-private"
              type="checkbox"
            />
            <label
              htmlFor="profile-private"
            >
              Private
            </label>
          </div>
        </div>
        <div
          className="profile-box"
        >
          <p
            className="profile-label"
          >
            Receive emails from us?
          </p>
          <div
            className="profile-visibility"
          >
            <input
              defaultChecked={true}
              id="receive-email-pos"
              name="receive-email-pos"
              type="checkbox"
            />
            <label
              htmlFor="receive-email-pos"
            >
              Yes
            </label>
            <br />
            <input
              id="receive-email-neg"
              name="receive-email-neg"
              type="checkbox"
            />
            <label
              htmlFor="receive-email-neg"
            >
              No
            </label>
          </div>
        </div>
      </section>
    </section>
    <section
      className="delete-account-container"
    >
      <h3
        className="delete-heading"
      >
        Delete your account?
      </h3>
      <p>
        <b>
          Warning
        </b>
      </p>
      <p
        className="delete-disclaimer"
      >
        You cannot undo this action and all documents associated with your account will be permanently deleted. Please only delete your account after ensuring any work you have saved on the system is safely backed up. Be aware that all master copies of projects you created will be sent to all of the collaborators on those projects when you delete your account
      </p>
      <button
        className="small-btn"
        id="delete-account-btn"
        onClick={[Function]}
        type="button"
      >
        <span
          className="btn-text"
        >
          <b>
            Delete
          </b>
        </span>
      </button>
    </section>
  </div>
</main>
`;
