// Jest Snapshot v1, https://goo.gl/fbAQLP

exports[`ChangePassword component renders correctly 1`] = `
<main
  className="change-password-main"
>
  <section
    className="change-password-section"
  >
    <h1
      className="change-password-heading"
    >
      CoScript
    </h1>
    <h2
      className="change-password-subheading"
    >
      Update your password
    </h2>
    <div
      className="password-box"
    >
      <form
        className="new-pw-form"
        onSubmit={[Function]}
      >
        <div
          className="input-account-container"
        >
          <label
            className="profile-label"
            htmlFor="new-pw"
          >
            Current Password
          </label>
          <input
            className="account-input"
            name="currentPassword"
            onBlur={[Function]}
            onChange={[Function]}
            onFocus={[Function]}
            placeholder="Current password..."
            type="password"
          />
        </div>
        <div
          className="input-account-container"
        >
          <label
            className="profile-label"
            htmlFor="new-pw"
          >
            New Password
          </label>
          <input
            className="account-input"
            name="newPassword"
            onBlur={[Function]}
            onChange={[Function]}
            onFocus={[Function]}
            placeholder="New password..."
            type="password"
          />
        </div>
        <div
          className="input-account-container"
        >
          <label
            className="profile-label"
            htmlFor="new-pw-confirm"
          >
            Confirm Password
          </label>
          <input
            className="account-input"
            name="confirmPassword"
            onBlur={[Function]}
            onChange={[Function]}
            onFocus={[Function]}
            placeholder="Confirm password..."
            type="password"
          />
        </div>
        <div
          className="pw-change-btn-container"
        >
          <input
            className="small-btn"
            type="submit"
            value="Update"
          />
        </div>
      </form>
    </div>
  </section>
</main>
`;
