// Jest Snapshot v1, https://goo.gl/fbAQLP

exports[`Login component renders correctly 1`] = `
<main>
  <nav
    className="navbar"
  />
  <section
    className="login-cover"
  >
    <div
      className="login-container"
    >
      <h1
        className="login-header"
      >
        Login...
      </h1>
      <div>
        <div
          className="login-form"
        >
          <form
            onSubmit={[Function]}
          >
            <label
              className="log-label"
              htmlFor="username"
            >
              Username:
            </label>
            <input
              className="log-input"
              name="username"
              onBlur={[Function]}
              onChange={[Function]}
              onFocus={[Function]}
              placeholder="Username..."
              type="text"
              value=""
            />
            <br />
            <label
              className="log-label"
              htmlFor="password"
            >
              Password:
            </label>
            <input
              className="log-input"
              name="password"
              onBlur={[Function]}
              onChange={[Function]}
              onFocus={[Function]}
              placeholder="Password..."
              type="password"
              value=""
            />
            <br />
            <p
              className="log-link"
            >
              Haven't registered? You can do that
               
              <a
                href="/register"
                onClick={[Function]}
              >
                <span
                  className="login-link"
                >
                  here
                </span>
              </a>
            </p>
            <p
              className="log-link"
            >
              Forgotten your username or password?
               
              <a
                href="/verify"
                onClick={[Function]}
              >
                <span
                  className="login-link"
                >
                  Click here
                </span>
              </a>
            </p>
            <div
              className="login-submit-container"
            >
              <input
                className="small-btn"
                type="submit"
                value="Login"
              />
            </div>
          </form>
        </div>
      </div>
    </div>
  </section>
</main>
`;
